// Jest Snapshot v1, https://goo.gl/fbAQLP

exports[`Quote page Renders correctly 1`] = `
<div
  className="quote"
>
  <p
    className="quote__text"
  >
    Mathematics is not about numbers, equations, computations, or algorithms: it is about understanding.
  </p>
  <p
    className="quote__author"
  >
    - William Paul Thurston
  </p>
</div>
`;
