// Jest Snapshot v1, https://goo.gl/fbAQLP

exports[`Calculator Renders correctly 1`] = `
<div
  className="calculator"
  data-testid="Calculator"
>
  <div
    className="calculator__display"
  >
    <span
      className="calculator__value"
      data-testid="value"
    >
       
      0
    </span>
  </div>
  <div
    className="calculator__keypad"
  >
    <div
      className="operations right"
    >
      <button
        className="btn operation__btn"
        onClick={[Function]}
        type="button"
      >
        รท
      </button>
      <button
        className="btn operation__btn"
        onClick={[Function]}
        type="button"
      >
        x
      </button>
      <button
        className="btn operation__btn"
        onClick={[Function]}
        type="button"
      >
        -
      </button>
      <button
        className="btn operation__btn"
        onClick={[Function]}
        type="button"
      >
        +
      </button>
      <button
        className="btn operation__btn"
        onClick={[Function]}
        type="button"
      >
        =
      </button>
    </div>
    <div
      className="operations center"
    >
      <button
        className="btn operation__btn"
        onClick={[Function]}
        type="button"
      >
        AC
      </button>
      <button
        className="btn operation__btn"
        onClick={[Function]}
        type="button"
      >
        +/-
      </button>
      <button
        className="btn operation__btn"
        onClick={[Function]}
        type="button"
      >
        %
      </button>
    </div>
    <div
      className="digits"
    >
      <button
        className="btn "
        onClick={[Function]}
        type="button"
      >
        0
      </button>
      <button
        className="btn "
        onClick={[Function]}
        type="button"
      >
        1
      </button>
      <button
        className="btn "
        onClick={[Function]}
        type="button"
      >
        2
      </button>
      <button
        className="btn "
        onClick={[Function]}
        type="button"
      >
        3
      </button>
      <button
        className="btn "
        onClick={[Function]}
        type="button"
      >
        4
      </button>
      <button
        className="btn "
        onClick={[Function]}
        type="button"
      >
        5
      </button>
      <button
        className="btn "
        onClick={[Function]}
        type="button"
      >
        6
      </button>
      <button
        className="btn "
        onClick={[Function]}
        type="button"
      >
        7
      </button>
      <button
        className="btn "
        onClick={[Function]}
        type="button"
      >
        8
      </button>
      <button
        className="btn "
        onClick={[Function]}
        type="button"
      >
        9
      </button>
      <button
        className="btn "
        onClick={[Function]}
        type="button"
      >
        .
      </button>
    </div>
  </div>
</div>
`;
